
> vite_react_shadcn_ts@0.0.0 build
> vite build --debug --clearScreen false

npm : 2025-10-07T21:15:15.809Z vite:config bundled config file loaded in 
103.46ms
En línea: 1 Carácter: 1
+ npm run build -- --debug --clearScreen false *> build-output.txt
+ ~~~~~~~~~~~~~~~~~~~~~~~~~~~~~~~~~~~~~~~~~~~~~~~~~~~~~~~~~~~~~~~~
    + CategoryInfo          : NotSpecified: (2025-10-07T21:1...ded in 103 
   .46ms:String) [], RemoteException
    + FullyQualifiedErrorId : NativeCommandError
 
2025-10-07T21:15:15.854Z vite:config using resolved config: {
  base: '/',
  plugins: [
    'vite:build-metadata',
    'vite:watch-package-data',
    'vite:pre-alias',
    'alias',
    'vite:modulepreload-polyfill',
    'vite:resolve',
    'vite:html-inline-proxy',
    'vite:css',
    'vite:esbuild',
    'vite:json',
    'vite:wasm-helper',
    'vite:worker',
    'vite:asset',
    'vite:react-swc',
    'vite:wasm-fallback',
    'vite:define',
    'vite:css-post',
    'vite:build-html',
    'vite:worker-import-meta-url',
    'vite:asset-import-meta-url',
    'vite:force-systemjs-wrap-complete',
    'commonjs',
    'vite:data-uri',
    'vite:dynamic-import-vars',
    'vite:import-glob',
    'vite:build-import-analysis',
    'vite:esbuild-transpile',
    'vite:terser',
    'vite:reporter',
    'vite:load-fallback'
  ],
  server: {
    preTransformRequests: true,
    host: '0.0.0.0',
    port: 8080,
    allowedHosts: true,
    sourcemapIgnoreList: [Function: isInNodeModules$1],
    middlewareMode: false,
    fs: {
      strict: true,
      allow: [Array],
      deny: [Array],
      cachedChecks: undefined
    }
  },
  preview: {
    port: 8180,
    strictPort: undefined,
    host: '0.0.0.0',
    allowedHosts: true,
    https: undefined,
    open: undefined,
    proxy: undefined,
    cors: undefined,
    headers: undefined
  },
  build: {
    target: 'esnext',
    cssTarget: 'esnext',
    outDir: 'dist',
    assetsDir: 'assets',
    assetsInlineLimit: 4096,
    cssCodeSplit: true,
    sourcemap: false,
    rollupOptions: { onwarn: [Function: onwarn] },
    minify: 'esbuild',
    terserOptions: {},
    write: true,
    emptyOutDir: true,
    copyPublicDir: true,
    manifest: false,
    lib: false,
    ssr: false,
    ssrManifest: false,
    ssrEmitAssets: false,
    reportCompressedSize: true,
    chunkSizeWarningLimit: 500,
    watch: null,
    commonjsOptions: { include: [Array], extensions: [Array] },
    dynamicImportVarsOptions: { warnOnError: true, exclude: [Array] },
    modulePreload: { polyfill: true },
    cssMinify: true
  },
  clearScreen: false,
  esbuild: {
    jsxDev: false,
    jsx: 'automatic',
    jsxImportSource: 'react',
    tsconfigRaw: { compilerOptions: [Object] }
  },
  configFile: 'C:/Users/mafer/CascadeProjects/tabula-mentis-ai-venezuela/v
ite.config.ts',
  configFileDependencies: [
    
'C:/Users/mafer/CascadeProjects/tabula-mentis-ai-venezuela/vite.config.ts'
  ],
  inlineConfig: {
    root: undefined,
    base: undefined,
    mode: undefined,
    configFile: undefined,
    logLevel: undefined,
    clearScreen: false,
    build: {}
  },
  root: 'C:/Users/mafer/CascadeProjects/tabula-mentis-ai-venezuela',
  decodedBase: '/',
  rawBase: '/',
  resolve: {
    mainFields: [ 'browser', 'module', 'jsnext:main', 'jsnext' ],
    conditions: [],
    extensions: [
      '.mjs',  '.js',
      '.mts',  '.ts',
      '.jsx',  '.tsx',
      '.json'
    ],
    dedupe: [],
    preserveSymlinks: false,
    alias: [ [Object], [Object] ]
  },
  publicDir: 
'C:/Users/mafer/CascadeProjects/tabula-mentis-ai-venezuela/public',
  cacheDir: 'C:/Users/mafer/CascadeProjects/tabula-mentis-ai-venezuela/nod
e_modules/.vite',
  command: 'build',
  mode: 'production',
  ssr: {
    target: 'node',
    optimizeDeps: { noDiscovery: true, esbuildOptions: [Object] }
  },
  isWorker: false,
  mainConfig: null,
  bundleChain: [],
  isProduction: true,
  css: { lightningcss: undefined },
  envDir: 'C:/Users/mafer/CascadeProjects/tabula-mentis-ai-venezuela',
  env: { BASE_URL: '/', MODE: 'production', DEV: false, PROD: true },
  assetsInclude: [Function: assetsInclude],
  logger: {
    hasWarned: false,
    info: [Function: info],
    warn: [Function: warn],
    warnOnce: [Function: warnOnce],
    error: [Function: error],
    clearScreen: [Function: clearScreen],
    hasErrorLogged: [Function: hasErrorLogged]
  },
  packageCache: Map(1) {
    'fnpd_C:/Users/mafer/CascadeProjects/tabula-mentis-ai-venezuela' => {
      dir: 'C:/Users/mafer/CascadeProjects/tabula-mentis-ai-venezuela',
      data: [Object],
      hasSideEffects: [Function: hasSideEffects],
      webResolvedImports: {},
      nodeResolvedImports: {},
      setResolvedCache: [Function: setResolvedCache],
      getResolvedCache: [Function: getResolvedCache]
    },
    set: [Function (anonymous)]
  },
  createResolver: [Function: createResolver],
  optimizeDeps: {
vite v5.4.20 building for production...
    holdUntilCrawlEnd: true,
    esbuildOptions: { preserveSymlinks: false }
  },
  worker: { format: 'iife', plugins: '() => plugins', rollupOptions: {} },
  appType: 'spa',
  experimental: { importGlobRestoreExtension: false, hmrPartialAccept: 
false },
  webSocketToken: 'C_ItTTRJPip1',
  additionalAllowedHosts: [ '0.0.0.0', '0.0.0.0' ],
  getSortedPlugins: [Function: getSortedPlugins],
  getSortedPluginHooks: [Function: getSortedPluginHooks]
}
transforming...
Γ£ô 4 modules transformed.
x Build failed in 1.23s
error during build:
[vite]: Rollup failed to resolve import "@/components/ui/toaster" from 
"C:/Users/mafer/CascadeProjects/tabula-mentis-ai-venezuela/src/App.tsx".
This is most likely unintended because it can break your application at 
runtime.
If you do want to externalize this module explicitly add it to
`build.rollupOptions.external`
    at viteWarn (file:///C:/Users/mafer/CascadeProjects/tabula-mentis-ai-v
enezuela/node_modules/vite/dist/node/chunks/dep-D_zLpgQd.js:65854:17)
    at onwarn (file:///C:/Users/mafer/CascadeProjects/tabula-mentis-ai-ven
ezuela/node_modules/@vitejs/plugin-react-swc/index.js:90:7)
    at onRollupWarning (file:///C:/Users/mafer/CascadeProjects/tabula-ment
is-ai-venezuela/node_modules/vite/dist/node/chunks/dep-D_zLpgQd.js:65884:5
)
    at onwarn (file:///C:/Users/mafer/CascadeProjects/tabula-mentis-ai-ven
ezuela/node_modules/vite/dist/node/chunks/dep-D_zLpgQd.js:65549:7)
    at file:///C:/Users/mafer/CascadeProjects/tabula-mentis-ai-venezuela/n
ode_modules/rollup/dist/es/shared/node-entry.js:19393:13
    at Object.logger [as onLog] (file:///C:/Users/mafer/CascadeProjects/ta
bula-mentis-ai-venezuela/node_modules/rollup/dist/es/shared/node-entry.js:
21119:9)
    at ModuleLoader.handleInvalidResolvedId (file:///C:/Users/mafer/Cascad
eProjects/tabula-mentis-ai-venezuela/node_modules/rollup/dist/es/shared/no
de-entry.js:20008:26)
    at file:///C:/Users/mafer/CascadeProjects/tabula-mentis-ai-venezuela/n
ode_modules/rollup/dist/es/shared/node-entry.js:19966:26
